Substring: Swift ifj 2023!
Substring: wift ifj 2023!
Substring: ift ifj 2023!
Substring: ft ifj 2023!
Substring: t ifj 2023!
Substring:  ifj 2023!
Substring: ifj 2023!
Substring: fj 2023!
Substring: j 2023!
Substring:  2023!
Substring: 2023!
Substring: 023!
Substring: 23!
Substring: 3!
Substring: !
