Outer: 1, Inner: 1
Outer: 1, Inner: 2
Outer: 1, Inner: 3
Outer: 1, Inner: 4
Outer: 1, Inner: 5
Outer: 2, Inner: 1
Outer: 2, Inner: 2
Outer: 2, Inner: 3
Outer: 2, Inner: 4
Outer: 2, Inner: 5
Outer: 3, Inner: 1
Outer: 3, Inner: 2
Outer: 3, Inner: 3
Outer: 3, Inner: 4
Outer: 3, Inner: 5
