Outer countdown: 	2
Inner countdown is positive: 3
Inner countdown is positive: 2
Inner countdown is negative: 1
Outer countdown: 	1
Inner countdown is positive: 3
Inner countdown is positive: 2
Inner countdown is negative: 1
