foo: ABCD
foo: ABC
foo: AB
foo: A
foo: 
foo: A
foo: AB
foo: ABC
