Za touto vetou nie je novy riadok. Za touto uz hej.
