Zadejte cislo pro vypocet faktorialu: Vysledek je: 3 628 800